\BOOKMARK [0][-]{chapter*.1}{\376\377\000L\000i\000s\000t\000\040\000o\000f\000\040\000F\000i\000g\000u\000r\000e\000s}{}% 1
\BOOKMARK [0][-]{chapter*.2}{\376\377\000L\000i\000s\000t\000\040\000o\000f\000\040\000T\000a\000b\000l\000e\000s}{}% 2
\BOOKMARK [0][-]{chapter.1}{\376\377\000I\000n\000t\000r\000o\000d\000u\000c\000t\000i\000o\000n}{}% 3
\BOOKMARK [1][-]{section.1.1}{\376\377\000T\000h\000e\000\040\000R\000e\000t\000a\000i\000l\000\040\000T\000r\000a\000d\000i\000n\000g\000\040\000L\000a\000n\000d\000s\000c\000a\000p\000e\000\040\000a\000n\000d\000\040\000S\000E\000B\000I\000\040\000F\000i\000n\000d\000i\000n\000g\000s}{chapter.1}% 4
\BOOKMARK [1][-]{section.1.2}{\376\377\000P\000r\000o\000j\000e\000c\000t\000\040\000R\000a\000t\000i\000o\000n\000a\000l\000e}{chapter.1}% 5
\BOOKMARK [0][-]{chapter.2}{\376\377\000S\000y\000s\000t\000e\000m\000\040\000A\000r\000c\000h\000i\000t\000e\000c\000t\000u\000r\000e}{}% 6
\BOOKMARK [1][-]{section.2.1}{\376\377\000T\000h\000e\000\040\000V\0002\000\040\000E\000v\000e\000n\000t\000-\000D\000r\000i\000v\000e\000n\000\040\000L\000o\000o\000p}{chapter.2}% 7
\BOOKMARK [1][-]{section.2.2}{\376\377\000O\000\050\0001\000\051\000\040\000M\000e\000m\000o\000r\000y\000\040\000S\000l\000i\000c\000i\000n\000g\000\040\000a\000n\000d\000\040\000P\000e\000r\000f\000o\000r\000m\000a\000n\000c\000e}{chapter.2}% 8
\BOOKMARK [1][-]{section.2.3}{\376\377\000Z\000e\000r\000o\000\040\000L\000o\000o\000k\000-\000A\000h\000e\000a\000d\000\040\000I\000n\000v\000a\000r\000i\000a\000n\000t\000s}{chapter.2}% 9
\BOOKMARK [0][-]{chapter.3}{\376\377\000M\000a\000r\000k\000e\000t\000\040\000M\000i\000c\000r\000o\000s\000t\000r\000u\000c\000t\000u\000r\000e}{}% 10
\BOOKMARK [1][-]{section.3.1}{\376\377\000E\000x\000e\000c\000u\000t\000i\000o\000n\000\040\000a\000n\000d\000\040\000t\000h\000e\000\040\000A\000l\000m\000g\000r\000e\000n\000-\000C\000h\000r\000i\000s\000s\000\040\000F\000r\000a\000m\000e\000w\000o\000r\000k}{chapter.3}% 11
\BOOKMARK [1][-]{section.3.2}{\376\377\000L\000i\000m\000i\000t\000\040\000O\000r\000d\000e\000r\000\040\000T\000r\000a\000d\000e\000-\000T\000h\000r\000o\000u\000g\000h\000\040\000L\000o\000g\000i\000c}{chapter.3}% 12
\BOOKMARK [0][-]{chapter.4}{\376\377\000S\000t\000a\000t\000i\000s\000t\000i\000c\000a\000l\000\040\000V\000a\000l\000i\000d\000a\000t\000i\000o\000n}{}% 13
\BOOKMARK [1][-]{section.4.1}{\376\377\000C\000o\000m\000b\000i\000n\000a\000t\000o\000r\000i\000a\000l\000\040\000P\000u\000r\000g\000e\000d\000\040\000C\000r\000o\000s\000s\000-\000V\000a\000l\000i\000d\000a\000t\000i\000o\000n\000\040\000\050\000C\000P\000C\000V\000\051}{chapter.4}% 14
\BOOKMARK [1][-]{section.4.2}{\376\377\000D\000e\000f\000l\000a\000t\000e\000d\000\040\000S\000h\000a\000r\000p\000e\000\040\000R\000a\000t\000i\000o\000\040\000\050\000D\000S\000R\000\051\000\040\000a\000n\000d\000\040\000O\000v\000e\000r\000f\000i\000t\000t\000i\000n\000g}{chapter.4}% 15
\BOOKMARK [0][-]{chapter.5}{\376\377\000C\000a\000s\000e\000\040\000S\000t\000u\000d\000i\000e\000s\000\040\000a\000n\000d\000\040\000R\000e\000s\000u\000l\000t\000s}{}% 16
\BOOKMARK [1][-]{section.5.1}{\376\377\000R\000e\000g\000i\000m\000e\000\040\000A\000n\000a\000l\000y\000s\000i\000s\000:\000\040\000R\000E\000L\000I\000A\000N\000C\000E\000\040\000\046\000\040\000T\000C\000S}{chapter.5}% 17
\BOOKMARK [1][-]{section.5.2}{\376\377\000E\000x\000p\000e\000r\000i\000m\000e\000n\000t\000a\000l\000\040\000V\000i\000s\000u\000a\000l\000i\000z\000a\000t\000i\000o\000n\000s}{chapter.5}% 18
\BOOKMARK [0][-]{chapter.6}{\376\377\000D\000e\000f\000e\000n\000s\000e\000\040\000a\000n\000d\000\040\000V\000i\000v\000a\000\040\000V\000o\000c\000e\000\040\000F\000r\000a\000m\000e\000w\000o\000r\000k}{}% 19
\BOOKMARK [1][-]{section.6.1}{\376\377\000T\000h\000e\000\040\0006\000-\000L\000e\000v\000e\000l\000\040\000W\000W\000W\000H\000\040\000I\000n\000t\000e\000r\000r\000o\000g\000a\000t\000i\000o\000n\000\040\000M\000a\000t\000r\000i\000x}{chapter.6}% 20
